  BasicComponents.cpp
C:\Program Files (x86)\Windows Kits\10\Include\10.0.22621.0\ucrt\corecrt_math_defines.h(28,9): warning C4005: 'M_PI': macro redefinition
A:\programowanie\Projects\BALLENGINE\BallEngine\BallEngine\src\Components\BasicComponents.cpp(109,18): warning C4244: '=': conversion from 'int' to 'float', possible loss of data
A:\programowanie\Projects\BALLENGINE\BallEngine\BallEngine\src\Components\BasicComponents.cpp(110,18): warning C4244: '=': conversion from 'int' to 'float', possible loss of data
  Control.cpp
C:\Program Files (x86)\Windows Kits\10\Include\10.0.22621.0\ucrt\corecrt_math_defines.h(28,9): warning C4005: 'M_PI': macro redefinition
  ControlJournal.cpp
C:\Program Files (x86)\Windows Kits\10\Include\10.0.22621.0\ucrt\corecrt_math_defines.h(28,9): warning C4005: 'M_PI': macro redefinition
  DataStructures.cpp
C:\Program Files (x86)\Windows Kits\10\Include\10.0.22621.0\ucrt\corecrt_math_defines.h(28,9): warning C4005: 'M_PI': macro redefinition
A:\programowanie\Projects\BALLENGINE\BallEngine\BallEngine\src\DataStructures\DataStructures.cpp(16,57): warning C4244: 'return': conversion from 'float' to 'int', possible loss of data
A:\programowanie\Projects\BALLENGINE\BallEngine\BallEngine\src\DataStructures\DataStructures.cpp(20,36): warning C4244: 'argument': conversion from 'float' to 'int', possible loss of data
A:\programowanie\Projects\BALLENGINE\BallEngine\BallEngine\src\DataStructures\DataStructures.cpp(20,21): warning C4244: 'argument': conversion from 'float' to 'int', possible loss of data
A:\programowanie\Projects\BALLENGINE\BallEngine\BallEngine\src\DataStructures\DataStructures.cpp(24,109): warning C4244: 'argument': conversion from 'int' to 'float', possible loss of data
A:\programowanie\Projects\BALLENGINE\BallEngine\BallEngine\src\DataStructures\DataStructures.cpp(24,105): warning C4244: 'argument': conversion from 'int' to 'float', possible loss of data
A:\programowanie\Projects\BALLENGINE\BallEngine\BallEngine\src\DataStructures\DataStructures.cpp(24,104): warning C4244: 'argument': conversion from 'int' to 'float', possible loss of data
A:\programowanie\Projects\BALLENGINE\BallEngine\BallEngine\src\DataStructures\DataStructures.cpp(41,27): warning C4244: 'argument': conversion from 'int' to 'float', possible loss of data
A:\programowanie\Projects\BALLENGINE\BallEngine\BallEngine\src\DataStructures\DataStructures.cpp(41,20): warning C4244: 'argument': conversion from 'int' to 'float', possible loss of data
A:\programowanie\Projects\BALLENGINE\BallEngine\BallEngine\src\DataStructures\DataStructures.cpp(43,15): warning C4244: 'argument': conversion from 'int' to 'float', possible loss of data
A:\programowanie\Projects\BALLENGINE\BallEngine\BallEngine\src\DataStructures\DataStructures.cpp(48,27): warning C4244: 'argument': conversion from 'int' to 'float', possible loss of data
A:\programowanie\Projects\BALLENGINE\BallEngine\BallEngine\src\DataStructures\DataStructures.cpp(48,20): warning C4244: 'argument': conversion from 'int' to 'float', possible loss of data
A:\programowanie\Projects\BALLENGINE\BallEngine\BallEngine\src\DataStructures\DataStructures.cpp(61,33): warning C4244: 'argument': conversion from 'int' to 'float', possible loss of data
A:\programowanie\Projects\BALLENGINE\BallEngine\BallEngine\src\DataStructures\DataStructures.cpp(61,57): warning C4244: 'argument': conversion from 'int' to 'float', possible loss of data
A:\programowanie\Projects\BALLENGINE\BallEngine\BallEngine\src\DataStructures\DataStructures.cpp(63,26): warning C4244: 'argument': conversion from 'int' to 'float', possible loss of data
A:\programowanie\Projects\BALLENGINE\BallEngine\BallEngine\src\DataStructures\DataStructures.cpp(65,14): warning C4244: 'argument': conversion from 'int' to 'float', possible loss of data
A:\programowanie\Projects\BALLENGINE\BallEngine\BallEngine\src\DataStructures\DataStructures.cpp(66,29): warning C4244: 'argument': conversion from 'int' to 'float', possible loss of data
A:\programowanie\Projects\BALLENGINE\BallEngine\BallEngine\src\DataStructures\DataStructures.cpp(66,53): warning C4244: 'argument': conversion from 'int' to 'float', possible loss of data
A:\programowanie\Projects\BALLENGINE\BallEngine\BallEngine\src\DataStructures\DataStructures.cpp(69,17): warning C4244: 'argument': conversion from 'int' to 'float', possible loss of data
A:\programowanie\Projects\BALLENGINE\BallEngine\BallEngine\src\DataStructures\DataStructures.cpp(69,49): warning C4244: 'argument': conversion from 'int' to 'const float', possible loss of data
  ResourceRepository.cpp
C:\Program Files (x86)\Windows Kits\10\Include\10.0.22621.0\ucrt\corecrt_math_defines.h(28,9): warning C4005: 'M_PI': macro redefinition
  RootMacroPanel.cpp
C:\Program Files (x86)\Windows Kits\10\Include\10.0.22621.0\ucrt\corecrt_math_defines.h(28,9): warning C4005: 'M_PI': macro redefinition
  ButtonEntries.cpp
C:\Program Files (x86)\Windows Kits\10\Include\10.0.22621.0\ucrt\corecrt_math_defines.h(28,9): warning C4005: 'M_PI': macro redefinition
  CollisionPhysics.cpp
C:\Program Files (x86)\Windows Kits\10\Include\10.0.22621.0\ucrt\corecrt_math_defines.h(28,9): warning C4005: 'M_PI': macro redefinition
  Elements.cpp
C:\Program Files (x86)\Windows Kits\10\Include\10.0.22621.0\ucrt\corecrt_math_defines.h(28,9): warning C4005: 'M_PI': macro redefinition
  Func.cpp
C:\Program Files (x86)\Windows Kits\10\Include\10.0.22621.0\ucrt\corecrt_math_defines.h(28,9): warning C4005: 'M_PI': macro redefinition
  EngineCore.cpp
C:\Program Files (x86)\Windows Kits\10\Include\10.0.22621.0\ucrt\corecrt_math_defines.h(28,9): warning C4005: 'M_PI': macro redefinition
A:\programowanie\Projects\BALLENGINE\BallEngine\BallEngine\src\EngineCore.cpp(167,24): warning C4244: 'argument': conversion from 'double' to 'Uint32', possible loss of data
  Global.cpp
C:\Program Files (x86)\Windows Kits\10\Include\10.0.22621.0\ucrt\corecrt_math_defines.h(28,9): warning C4005: 'M_PI': macro redefinition
  Main.cpp
C:\Program Files (x86)\Windows Kits\10\Include\10.0.22621.0\ucrt\corecrt_math_defines.h(28,9): warning C4005: 'M_PI': macro redefinition
  MainLoop.cpp
C:\Program Files (x86)\Windows Kits\10\Include\10.0.22621.0\ucrt\corecrt_math_defines.h(28,9): warning C4005: 'M_PI': macro redefinition
  Actor.cpp
C:\Program Files (x86)\Windows Kits\10\Include\10.0.22621.0\ucrt\corecrt_math_defines.h(28,9): warning C4005: 'M_PI': macro redefinition
A:\programowanie\Projects\BALLENGINE\BallEngine\BallEngine\src\Nodes\Actor.cpp(19,62): warning C4244: 'argument': conversion from 'double' to 'const float', possible loss of data
A:\programowanie\Projects\BALLENGINE\BallEngine\BallEngine\src\Nodes\Actor.cpp(23,65): warning C4244: 'argument': conversion from 'double' to 'const float', possible loss of data
A:\programowanie\Projects\BALLENGINE\BallEngine\BallEngine\src\Nodes\Actor.cpp(28,50): warning C4244: 'argument': conversion from 'int' to 'float', possible loss of data
A:\programowanie\Projects\BALLENGINE\BallEngine\BallEngine\src\Nodes\Actor.cpp(30,73): warning C4244: 'argument': conversion from 'int' to 'float', possible loss of data
  Cursors.cpp
C:\Program Files (x86)\Windows Kits\10\Include\10.0.22621.0\ucrt\corecrt_math_defines.h(28,9): warning C4005: 'M_PI': macro redefinition
A:\programowanie\Projects\BALLENGINE\BallEngine\BallEngine\src\Nodes\Cursors.cpp(17,50): warning C4244: 'argument': conversion from 'int' to 'float', possible loss of data
A:\programowanie\Projects\BALLENGINE\BallEngine\BallEngine\src\Nodes\Cursors.cpp(19,73): warning C4244: 'argument': conversion from 'int' to 'float', possible loss of data
  Nodes.cpp
C:\Program Files (x86)\Windows Kits\10\Include\10.0.22621.0\ucrt\corecrt_math_defines.h(28,9): warning C4005: 'M_PI': macro redefinition
  TileMap.cpp
C:\Program Files (x86)\Windows Kits\10\Include\10.0.22621.0\ucrt\corecrt_math_defines.h(28,9): warning C4005: 'M_PI': macro redefinition
A:\programowanie\Projects\BALLENGINE\BallEngine\BallEngine\src\Nodes\TileMap.cpp(162,24): warning C4244: 'argument': conversion from 'int' to 'float', possible loss of data
A:\programowanie\Projects\BALLENGINE\BallEngine\BallEngine\src\Nodes\TileMap.cpp(162,15): warning C4244: 'argument': conversion from 'int' to 'float', possible loss of data
  Types.cpp
C:\Program Files (x86)\Windows Kits\10\Include\10.0.22621.0\ucrt\corecrt_math_defines.h(28,9): warning C4005: 'M_PI': macro redefinition
A:\programowanie\Projects\BALLENGINE\BallEngine\BallEngine\src\Types.cpp(44,68): warning C4244: 'return': conversion from 'double' to 'int', possible loss of data
A:\programowanie\Projects\BALLENGINE\BallEngine\BallEngine\src\Types.cpp(107,15): warning C4244: 'initializing': conversion from 'double' to 'float', possible loss of data
A:\programowanie\Projects\BALLENGINE\BallEngine\BallEngine\src\Types.cpp(116,3): warning C4244: 'initializing': conversion from 'int' to 'float', possible loss of data
A:\programowanie\Projects\BALLENGINE\BallEngine\BallEngine\src\Types.cpp(117,3): warning C4244: 'initializing': conversion from 'int' to 'float', possible loss of data
A:\programowanie\Projects\BALLENGINE\BallEngine\BallEngine\src\Types.cpp(173,3): warning C4244: 'initializing': conversion from 'float' to 'int', possible loss of data
A:\programowanie\Projects\BALLENGINE\BallEngine\BallEngine\src\Types.cpp(174,3): warning C4244: 'initializing': conversion from 'float' to 'int', possible loss of data
  Generating Code...
A:\programowanie\Projects\BALLENGINE\BallEngine\BallEngine\src\Nodes\TileMap.cpp(49,1): warning C4715: 'Colliding_Tile::get_Chunk': not all control paths return a value
  BallEngine.vcxproj -> A:\programowanie\Projects\BALLENGINE\BallEngine\x64\Debug\BallEngine.lib
